Project {
    description: "qat",
    id: 70889ae7-4dfa-7c84-9b22-449cd6138e2d,
    name: Name(
        "qaids",
    ),
    time_created: 1966-08-21T15:21:35Z,
    time_modified: 2019-05-25T09:39:02Z,
}
