{
  "allowed_ips": {
    "allow": "list",
    "ips": [
      "1.2.3.4/5",
      "5.6.7.8/9",
      "1.0.0.1/32",
      "::1/127",
      "::1/128"
    ]
  },
  "time_created": "2018-11-14T19:07:30Z",
  "time_modified": "2018-11-14T19:07:30Z"
}
