WARNING: 644 permissions on "<CREDENTIALS-PATH>" may allow other users to access your login credentials.
