error: the following required arguments were not provided:
  <--ip <IP or IPNET>|--any>

Usage: oxide system networking allow-list update <--ip <IP or IPNET>|--any>

For more information, try '--help'.
