[
  {
    "description": "suq",
    "id": "74fb6038-00ff-07da-3298-0070bbd45865",
    "name": "buqshas",
    "time_created": "1992-04-11T11:12:17Z",
    "time_modified": "1958-03-13T20:42:17Z"
  }, {
    "description": "qophs",
    "id": "81e272d3-bfc6-377d-5d3a-7dab4481968f",
    "name": "sheqel",
    "time_created": "2014-12-31T04:03:55Z",
    "time_modified": "1983-04-19T14:12:03Z"
  }, {
    "description": "buqshas",
    "id": "26254a50-c57c-8083-692d-37f41d8ab55a",
    "name": "umiaq",
    "time_created": "2014-03-14T23:05:20Z",
    "time_modified": "2024-01-16T15:14:35Z"
  }, {
    "description": "qiviuts",
    "id": "80ac274e-9715-bf80-9881-19595a2344c3",
    "name": "qat",
    "time_created": "1947-02-24T09:12:34Z",
    "time_modified": "1968-11-11T08:23:07Z"
  }, {
    "description": "qoph",
    "id": "25ca5b29-6895-3176-44dc-75e2dccf3ae3",
    "name": "qanats",
    "time_created": "2016-04-28T23:37:00Z",
    "time_modified": "2005-03-08T10:19:41Z"
  }, {
    "description": "qwertys",
    "id": "c343bc76-21a2-c1e6-162e-ca6088037dbd",
    "name": "qats",
    "time_created": "2021-10-06T15:19:54Z",
    "time_modified": "1976-02-11T10:08:08Z"
  }, {
    "description": "qoph",
    "id": "01a4072c-27f2-10db-6dfe-e3879c53daf3",
    "name": "sheqalim",
    "time_created": "1997-08-04T22:09:59Z",
    "time_modified": "1967-12-06T08:38:13Z"
  }, {
    "description": "qat",
    "id": "d88b11cc-ef1c-7a55-7122-33ae3b01d620",
    "name": "umiaq",
    "time_created": "1965-09-10T22:10:32Z",
    "time_modified": "2021-08-25T02:34:43Z"
  }, {
    "description": "qwertys",
    "id": "9a0c0d15-8e25-37d9-d06c-2b8e3dcc8071",
    "name": "qindarkas",
    "time_created": "1958-11-01T21:33:05Z",
    "time_modified": "1978-07-25T04:45:15Z"
  }, {
    "description": "qanats",
    "id": "ca67d0e2-d03d-95d9-da5b-9607ad25a5be",
    "name": "sheqalim",
    "time_created": "1954-05-30T12:24:03Z",
    "time_modified": "1981-02-15T18:14:43Z"
  }
]
