Open this URL in your browser:
  http://go.here.to/verify

Enter the code: 0X1-D3C

Login successful
  silo: crystal-palace (12e8c7a4-399f-41e2-985e-7b120ecbcc1a)
  user: falken (831dedf4-0a66-4b04-a232-b610f9f8924c)
Use --profile 'crystal-palace'
