error: the argument '--any' cannot be used with '--ip <IP or IPNET>'

Usage: oxide system networking allow-list update <--ip <IP or IPNET>|--any>

For more information, try '--help'.
