{
  "allowed_ips": {
    "allow": "any"
  },
  "time_created": "2018-11-14T19:07:30Z",
  "time_modified": "2018-11-14T19:07:30Z"
}
