 DESCRIPTION  ID                                    NAME     TIME_CREATED          TIME_MODIFIED        
 qats         fb603800-ff07-da32-9800-70bbd45865ea  qiviuts  1983-04-06T03:52:51Z  2015-10-10T15:39:40Z 
 qintars      e272d3bf-c637-7d5d-3a7d-ab4481968f52  suqs     1958-10-29T11:12:56Z  1993-07-07T01:08:41Z 
 qindarkas    254a50c5-7c80-8369-2d37-f41d8ab55a50  suqs     2023-12-07T23:07:16Z  1997-01-29T14:17:53Z 
 suq          ac274e97-15bf-8098-8119-595a2344c36d  buqsha   1976-06-06T06:59:52Z  1973-08-11T14:45:56Z 
