 ADDR      LOCAL_ASN  REMOTE_ASN  STATE         STATE_DURATION_MILLIS  SWITCH  
 10.0.0.1  65001      65002       open_confirm  1000000                switch0 
 10.0.0.2  65003      65004       established   1000000                switch1 
