Project {
    description: "qaid",
    id: e5627088-9ae7-4dfa-7c84-9b22449cd613,
    name: Name(
        "faqir",
    ),
    time_created: 1977-01-13T04:02:13Z,
    time_modified: 1966-08-21T15:21:35Z,
}
Project {
    description: "tranqs",
    id: 484c6234-dab6-ae7f-7f15-72d3814fac05,
    name: Name(
        "sheqalim",
    ),
    time_created: 2018-07-10T22:24:56Z,
    time_modified: 2015-03-05T05:47:06Z,
}
Project {
    description: "qwerty",
    id: 60476b03-d381-efed-f6bf-2f6f8574ebcf,
    name: Name(
        "sheqel",
    ),
    time_created: 2000-07-30T04:25:31Z,
    time_modified: 2013-03-21T09:08:43Z,
}
Project {
    description: "qintars",
    id: b7b19bf9-9d60-85fe-55ca-ed04d1f82edd,
    name: Name(
        "umiaq",
    ),
    time_created: 2021-09-12T16:08:22Z,
    time_modified: 2000-10-22T10:00:45Z,
}
Project {
    description: "qindarka",
    id: d224273a-7e3a-9d37-c965-26bcefee17d1,
    name: Name(
        "umiaq",
    ),
    time_created: 1976-01-23T14:07:51Z,
    time_modified: 1977-09-18T03:33:50Z,
}
Project {
    description: "suqs",
    id: 111d64af-f804-d6d4-ca07-83fdd3360be4,
    name: Name(
        "umiaqs",
    ),
    time_created: 1994-05-14T16:05:28Z,
    time_modified: 1987-01-04T09:57:22Z,
}
Project {
    description: "qaid",
    id: bad1e6d1-513f-a027-85a8-54fe287434c0,
    name: Name(
        "qoph",
    ),
    time_created: 1985-02-23T23:20:30Z,
    time_modified: 2019-04-24T23:07:34Z,
}
Project {
    description: "qintar",
    id: e279e87b-399a-8249-3b41-5a0f3fe846e4,
    name: Name(
        "qwertys",
    ),
    time_created: 1966-12-07T12:58:59Z,
    time_modified: 2005-07-15T10:50:18Z,
}
Project {
    description: "qoph",
    id: 1eb83a7c-2564-9ba3-3e81-8afae2b25c33,
    name: Name(
        "qanats",
    ),
    time_created: 1948-01-13T03:52:20Z,
    time_modified: 1994-06-17T06:31:27Z,
}
Project {
    description: "qiviuts",
    id: d7a3ffb8-d0fc-c25e-8afd-ea493e1f07fb,
    name: Name(
        "qanat",
    ),
    time_created: 1984-11-30T13:04:28Z,
    time_modified: 1987-02-11T00:52:13Z,
}
