success
Instance {
    description: "description is required for some reason",
    hostname: "hostname",
    id: 6270889a-e74d-fa7c-849b-22449cd6138e,
    memory: ByteCount(
        4294967296,
    ),
    name: Name(
        "name",
    ),
    ncpus: InstanceCpuCount(
        4,
    ),
    project_id: 78d4484c-6234-dab6-ae7f-7f1572d3814f,
    run_state: Creating,
    time_created: 2018-07-10T22:24:56Z,
    time_modified: 2015-03-05T05:47:06Z,
    time_run_state_updated: 2000-11-09T10:15:15Z,
}
