 NAME     ID                                   
 qiviuts  fb603800-ff07-da32-9800-70bbd45865ea 
 suqs     e272d3bf-c637-7d5d-3a7d-ab4481968f52 
 suqs     254a50c5-7c80-8369-2d37-f41d8ab55a50 
 buqsha   ac274e97-15bf-8098-8119-595a2344c36d 
