{
  "repo": {
    "file_name": "repo",
    "hash": "browns",
    "system_version": "0.0.0",
    "time_created": "2038-01-19T03:14:08Z"
  },
  "status": "inserted"
}
