error: Sorry, this subcommand is only supported on Unix-like platforms
