{"data":[98],"last_byte_offset":13439519126536318205}
