success
SamlIdentityProvider {
    acs_url: "http://nope.nope",
    description: "for all the security I guess",
    id: 6270889a-e74d-fa7c-849b-22449cd6138e,
    idp_entity_id: "17",
    name: Name(
        "samlrific",
    ),
    public_cert: None,
    slo_url: "http://nope.nope",
    sp_client_id: "17",
    technical_contact_email: "anyone@but.adam",
    time_created: 1977-12-10T14:17:08Z,
    time_modified: 2022-11-13T08:30:19Z,
}
