[
  {
    "description": "qats",
    "id": "fb603800-ff07-da32-9800-70bbd45865ea",
    "name": "qiviuts",
    "time_created": "1983-04-06T03:52:51Z",
    "time_modified": "2015-10-10T15:39:40Z"
  }, {
    "description": "qintars",
    "id": "e272d3bf-c637-7d5d-3a7d-ab4481968f52",
    "name": "suqs",
    "time_created": "1958-10-29T11:12:56Z",
    "time_modified": "1993-07-07T01:08:41Z"
  }, {
    "description": "qindarkas",
    "id": "254a50c5-7c80-8369-2d37-f41d8ab55a50",
    "name": "suqs",
    "time_created": "2023-12-07T23:07:16Z",
    "time_modified": "1997-01-29T14:17:53Z"
  }, {
    "description": "suq",
    "id": "ac274e97-15bf-8098-8119-595a2344c36d",
    "name": "buqsha",
    "time_created": "1976-06-06T06:59:52Z",
    "time_modified": "1973-08-11T14:45:56Z"
  }
]
